#-----------------------------------------------------------
# Vivado v2024.1 (64-bit)
# SW Build 5076996 on Wed May 22 18:37:14 MDT 2024
# IP Build 5075265 on Wed May 22 21:45:21 MDT 2024
# SharedData Build 5076995 on Wed May 22 18:29:18 MDT 2024
# Start of session at: Thu Oct 24 23:26:20 2024
# Process ID: 18848
# Current directory: C:/Users/admin/Desktop/VHDL/vending_machiness2/vending_machiness2/vending_machiness2.runs/synth_1
# Command line: vivado.exe -log vending_machiness2.vds -product Vivado -mode batch -messageDb vivado.pb -notrace -source vending_machiness2.tcl
# Log file: C:/Users/admin/Desktop/VHDL/vending_machiness2/vending_machiness2/vending_machiness2.runs/synth_1/vending_machiness2.vds
# Journal file: C:/Users/admin/Desktop/VHDL/vending_machiness2/vending_machiness2/vending_machiness2.runs/synth_1\vivado.jou
# Running On        :DESKTOP-5PL43IQ
# Platform          :Windows Server 2016 or Windows 10
# Operating System  :22631
# Processor Detail  :11th Gen Intel(R) Core(TM) i5-11400H @ 2.70GHz
# CPU Frequency     :2688 MHz
# CPU Physical cores:6
# CPU Logical cores :12
# Host memory       :8358 MB
# Swap memory       :9126 MB
# Total Virtual     :17485 MB
# Available Virtual :3506 MB
#-----------------------------------------------------------
source vending_machiness2.tcl -notrace
